// Jest Snapshot v1, https://goo.gl/fbAQLP

exports[`inject based context warning is printed when changing stores 1`] = `
Array [
  "Error: Uncaught [Error: MobX Provider: The set of provided stores has changed. Please avoid changing stores as the change might not propagate to all children]",
  "The above error occurred in the <Provider> component:",
]
`;
